// Jest Snapshot v1, https://goo.gl/fbAQLP

exports[`should set value correctly 1`] = `
<AppStateContextProvider
  appState={
    {
      "edition": "community",
      "productionDatabase": true,
      "qualifiers": [
        "TRK",
      ],
      "settings": {
        "sonar.lf.logoUrl": "whatevs/",
      },
      "version": "1.0",
    }
  }
/>
`;
