// Jest Snapshot v1, https://goo.gl/fbAQLP

exports[`should render items without the ones in the facet 1`] = `
[
  {
    "label": "java",
    "value": "java",
  },
  {
    "label": "js",
    "value": "js",
  },
  {
    "label": "csharp",
    "value": "csharp",
  },
]
`;
