// Jest Snapshot v1, https://goo.gl/fbAQLP

exports[`should render correctly 1`] = `
<div
  className="page-header null-spacer-bottom"
>
  <h2
    className="page-title"
  >
    users.page
  </h2>
  <DeferredSpinner
    loading={true}
  />
  <div
    className="page-actions"
  >
    <Button
      disabled={false}
      id="users-create"
      onClick={[Function]}
    >
      users.create_user
    </Button>
  </div>
  <p
    className="page-description"
  >
    users.page.description
  </p>
</div>
`;
