// Jest Snapshot v1, https://goo.gl/fbAQLP

exports[`should render 1`] = `
<WorkspaceNavItem
  onClose={[Function]}
  onOpen={[Function]}
>
  <WorkspaceComponentTitle
    component={
      {
        "branchLike": undefined,
        "key": "foo",
      }
    }
    limited={true}
  />
</WorkspaceNavItem>
`;
