// Jest Snapshot v1, https://goo.gl/fbAQLP

exports[`should render correctly 1`] = `
<Fragment>
  <withLanguagesContext(LanguageFacet)
    disabled={false}
    onChange={[MockFunction]}
    onToggle={[MockFunction]}
    open={false}
  />
  <TypeFacet
    onChange={[MockFunction]}
    onToggle={[MockFunction]}
    open={false}
  />
  <TagFacet
    onChange={[MockFunction]}
    onToggle={[MockFunction]}
    open={false}
  />
  <withLanguagesContext(RepositoryFacet)
    onChange={[MockFunction]}
    onToggle={[MockFunction]}
    open={false}
    referencedRepositories={{}}
  />
  <DefaultSeverityFacet
    onChange={[MockFunction]}
    onToggle={[MockFunction]}
    open={false}
  />
  <StatusFacet
    onChange={[MockFunction]}
    onToggle={[MockFunction]}
    open={false}
  />
  <StandardFacet
    cweOpen={false}
    fetchingCwe={false}
    fetchingOwaspTop10={false}
    fetchingOwaspTop10-2021={false}
    fetchingSansTop25={false}
    fetchingSonarSourceSecurity={false}
    onChange={[MockFunction]}
    onToggle={[MockFunction]}
    open={false}
    owaspTop10-2021Open={false}
    owaspTop10Open={false}
    query={{}}
    sansTop25Open={false}
    sonarsourceSecurityOpen={false}
  />
  <injectIntl(AvailableSinceFacet)
    onChange={[MockFunction]}
    onToggle={[MockFunction]}
    open={false}
  />
  <TemplateFacet
    onChange={[MockFunction]}
    onToggle={[MockFunction]}
    open={false}
  />
  <ProfileFacet
    onChange={[MockFunction]}
    onToggle={[MockFunction]}
    open={false}
    referencedProfiles={{}}
  />
  <InheritanceFacet
    disabled={true}
    onChange={[MockFunction]}
    onToggle={[MockFunction]}
    open={false}
  />
  <ActivationSeverityFacet
    disabled={true}
    onChange={[MockFunction]}
    onToggle={[MockFunction]}
    open={false}
  />
</Fragment>
`;
