// Jest Snapshot v1, https://goo.gl/fbAQLP

exports[`should render correctly 1`] = `
<Fragment>
  <h3
    tabIndex={-1}
  >
    project.info.notifications
  </h3>
  <Alert
    aria-live="off"
    className="spacer-top"
    variant="info"
  >
    notification.dispatcher.information
  </Alert>
  <DeferredSpinner
    loading={false}
  >
    <table
      className="data zebra notifications-table"
    >
      <thead>
        <tr>
          <th
            aria-label="project"
          />
          <th
            className="text-center"
            key="channel1"
          >
            <h4>
              notification.channel.channel1
            </h4>
          </th>
          <th
            className="text-center"
            key="channel2"
          >
            <h4>
              notification.channel.channel2
            </h4>
          </th>
        </tr>
      </thead>
      <NotificationsList
        channels={
          [
            "channel1",
            "channel2",
          ]
        }
        checkboxId={[Function]}
        notifications={
          [
            {
              "channel": "channel1",
              "project": "foo",
              "projectName": "Foo",
              "type": "type-global",
            },
          ]
        }
        onAdd={[Function]}
        onRemove={[Function]}
        project={true}
        types={
          [
            "CeReportTaskFailure",
          ]
        }
      />
    </table>
  </DeferredSpinner>
</Fragment>
`;
