// Jest Snapshot v1, https://goo.gl/fbAQLP

exports[`should render correctly 1`] = `
<PRDecorationBindingRenderer
  checkingConfiguration={false}
  formData={
    {
      "key": "",
      "monorepo": false,
    }
  }
  instances={[]}
  isChanged={false}
  isConfigured={false}
  isSysAdmin={false}
  isValid={false}
  loading={true}
  onCheckConfiguration={[Function]}
  onFieldChange={[Function]}
  onReset={[Function]}
  onSubmit={[Function]}
  successfullyUpdated={false}
  updating={false}
/>
`;
