// Jest Snapshot v1, https://goo.gl/fbAQLP

exports[`render correctly 1`] = `
<tr
  data-id="1"
  data-name="test"
>
  <NameCell
    template={
      {
        "createdAt": "2020-01-01",
        "defaultFor": [],
        "id": "1",
        "name": "test",
        "permissions": [],
      }
    }
  />
  <td
    className="nowrap thin text-right text-top little-padded-left little-padded-right"
  >
    <withRouter(ActionsCell)
      permissionTemplate={
        {
          "createdAt": "2020-01-01",
          "defaultFor": [],
          "id": "1",
          "name": "test",
          "permissions": [],
        }
      }
      refresh={[Function]}
      topQualifiers={[]}
    />
  </td>
</tr>
`;
