// Jest Snapshot v1, https://goo.gl/fbAQLP

exports[`should render correctly 1`] = `
<div
  className="source-viewer-code snippet"
>
  <div>
    <div
      className="expand-block expand-block-above"
    >
      <button
        aria-label="source_viewer.expand_above"
        onClick={[Function]}
        type="button"
      >
        <ExpandSnippetIcon />
      </button>
    </div>
    <table
      className="source-table expand-up expand-down"
    >
      <tbody>
        <Line
          displayCoverage={true}
          displayDuplications={false}
          displayIssues={false}
          displayLocationMarkers={true}
          duplications={[]}
          duplicationsCount={0}
          firstLineNumber={5}
          highlighted={false}
          issueLocations={[]}
          issues={[]}
          key="5"
          last={false}
          line={
            {
              "code": "<span class="k">import</span> java.util.<span class="sym-9 sym">ArrayList</span>;",
              "coverageStatus": "covered",
              "coveredConditions": 2,
              "duplicated": false,
              "isNew": true,
              "line": 5,
              "scmAuthor": "simon.brandhof@sonarsource.com",
              "scmDate": "2018-12-11T10:48:39+0100",
              "scmRevision": "80f564becc0c0a1c9abaa006eca83a4fd278c3f0",
            }
          }
          loadDuplications={[MockFunction]}
          onIssueSelect={[Function]}
          onIssueUnselect={[Function]}
          onIssuesClose={[Function]}
          onIssuesOpen={[Function]}
          onLocationSelect={[MockFunction]}
          onSymbolClick={[MockFunction]}
          openIssues={false}
          renderDuplicationPopup={[MockFunction]}
          secondaryIssueLocations={[]}
          verticalBuffer={0}
        />
        <Line
          displayCoverage={true}
          displayDuplications={false}
          displayIssues={false}
          displayLocationMarkers={true}
          duplications={[]}
          duplicationsCount={0}
          firstLineNumber={5}
          highlighted={false}
          issueLocations={[]}
          issues={[]}
          key="6"
          last={false}
          line={
            {
              "code": "<span class="k">import</span> java.util.<span class="sym-9 sym">ArrayList</span>;",
              "coverageStatus": "covered",
              "coveredConditions": 2,
              "duplicated": false,
              "isNew": true,
              "line": 6,
              "scmAuthor": "simon.brandhof@sonarsource.com",
              "scmDate": "2018-12-11T10:48:39+0100",
              "scmRevision": "80f564becc0c0a1c9abaa006eca83a4fd278c3f0",
            }
          }
          loadDuplications={[MockFunction]}
          onIssueSelect={[Function]}
          onIssueUnselect={[Function]}
          onIssuesClose={[Function]}
          onIssuesOpen={[Function]}
          onLocationSelect={[MockFunction]}
          onSymbolClick={[MockFunction]}
          openIssues={false}
          previousLine={
            {
              "code": "<span class="k">import</span> java.util.<span class="sym-9 sym">ArrayList</span>;",
              "coverageStatus": "covered",
              "coveredConditions": 2,
              "duplicated": false,
              "isNew": true,
              "line": 5,
              "scmAuthor": "simon.brandhof@sonarsource.com",
              "scmDate": "2018-12-11T10:48:39+0100",
              "scmRevision": "80f564becc0c0a1c9abaa006eca83a4fd278c3f0",
            }
          }
          renderDuplicationPopup={[MockFunction]}
          secondaryIssueLocations={[]}
          verticalBuffer={0}
        />
        <Line
          displayCoverage={true}
          displayDuplications={false}
          displayIssues={false}
          displayLocationMarkers={true}
          duplications={[]}
          duplicationsCount={0}
          firstLineNumber={5}
          highlighted={false}
          issueLocations={[]}
          issues={[]}
          key="7"
          last={false}
          line={
            {
              "code": "<span class="k">import</span> java.util.<span class="sym-9 sym">ArrayList</span>;",
              "coverageStatus": "covered",
              "coveredConditions": 2,
              "duplicated": false,
              "isNew": true,
              "line": 7,
              "scmAuthor": "simon.brandhof@sonarsource.com",
              "scmDate": "2018-12-11T10:48:39+0100",
              "scmRevision": "80f564becc0c0a1c9abaa006eca83a4fd278c3f0",
            }
          }
          loadDuplications={[MockFunction]}
          onIssueSelect={[Function]}
          onIssueUnselect={[Function]}
          onIssuesClose={[Function]}
          onIssuesOpen={[Function]}
          onLocationSelect={[MockFunction]}
          onSymbolClick={[MockFunction]}
          openIssues={false}
          previousLine={
            {
              "code": "<span class="k">import</span> java.util.<span class="sym-9 sym">ArrayList</span>;",
              "coverageStatus": "covered",
              "coveredConditions": 2,
              "duplicated": false,
              "isNew": true,
              "line": 6,
              "scmAuthor": "simon.brandhof@sonarsource.com",
              "scmDate": "2018-12-11T10:48:39+0100",
              "scmRevision": "80f564becc0c0a1c9abaa006eca83a4fd278c3f0",
            }
          }
          renderDuplicationPopup={[MockFunction]}
          secondaryIssueLocations={[]}
          verticalBuffer={0}
        />
      </tbody>
    </table>
    <div
      className="expand-block expand-block-below"
    >
      <button
        aria-label="source_viewer.expand_below"
        onClick={[Function]}
        type="button"
      >
        <ExpandSnippetIcon />
      </button>
    </div>
  </div>
</div>
`;

exports[`should render correctly when at the bottom of the file 1`] = `
<div
  className="source-viewer-code snippet"
>
  <div>
    <div
      className="expand-block expand-block-above"
    >
      <button
        aria-label="source_viewer.expand_above"
        onClick={[Function]}
        type="button"
      >
        <ExpandSnippetIcon />
      </button>
    </div>
    <table
      className="source-table expand-up expand-down"
    >
      <tbody>
        <Line
          displayCoverage={true}
          displayDuplications={false}
          displayIssues={false}
          displayLocationMarkers={true}
          duplications={[]}
          duplicationsCount={0}
          firstLineNumber={10}
          highlighted={false}
          issueLocations={[]}
          issues={[]}
          key="10"
          last={false}
          line={
            {
              "code": "<span class="k">import</span> java.util.<span class="sym-9 sym">ArrayList</span>;",
              "coverageStatus": "covered",
              "coveredConditions": 2,
              "duplicated": false,
              "isNew": true,
              "line": 10,
              "scmAuthor": "simon.brandhof@sonarsource.com",
              "scmDate": "2018-12-11T10:48:39+0100",
              "scmRevision": "80f564becc0c0a1c9abaa006eca83a4fd278c3f0",
            }
          }
          loadDuplications={[MockFunction]}
          onIssueSelect={[Function]}
          onIssueUnselect={[Function]}
          onIssuesClose={[Function]}
          onIssuesOpen={[Function]}
          onLocationSelect={[MockFunction]}
          onSymbolClick={[MockFunction]}
          openIssues={false}
          renderDuplicationPopup={[MockFunction]}
          secondaryIssueLocations={[]}
          verticalBuffer={0}
        />
        <Line
          displayCoverage={true}
          displayDuplications={false}
          displayIssues={false}
          displayLocationMarkers={true}
          duplications={[]}
          duplicationsCount={0}
          firstLineNumber={10}
          highlighted={false}
          issueLocations={[]}
          issues={[]}
          key="11"
          last={false}
          line={
            {
              "code": "<span class="k">import</span> java.util.<span class="sym-9 sym">ArrayList</span>;",
              "coverageStatus": "covered",
              "coveredConditions": 2,
              "duplicated": false,
              "isNew": true,
              "line": 11,
              "scmAuthor": "simon.brandhof@sonarsource.com",
              "scmDate": "2018-12-11T10:48:39+0100",
              "scmRevision": "80f564becc0c0a1c9abaa006eca83a4fd278c3f0",
            }
          }
          loadDuplications={[MockFunction]}
          onIssueSelect={[Function]}
          onIssueUnselect={[Function]}
          onIssuesClose={[Function]}
          onIssuesOpen={[Function]}
          onLocationSelect={[MockFunction]}
          onSymbolClick={[MockFunction]}
          openIssues={false}
          previousLine={
            {
              "code": "<span class="k">import</span> java.util.<span class="sym-9 sym">ArrayList</span>;",
              "coverageStatus": "covered",
              "coveredConditions": 2,
              "duplicated": false,
              "isNew": true,
              "line": 10,
              "scmAuthor": "simon.brandhof@sonarsource.com",
              "scmDate": "2018-12-11T10:48:39+0100",
              "scmRevision": "80f564becc0c0a1c9abaa006eca83a4fd278c3f0",
            }
          }
          renderDuplicationPopup={[MockFunction]}
          secondaryIssueLocations={[]}
          verticalBuffer={0}
        />
        <Line
          displayCoverage={true}
          displayDuplications={false}
          displayIssues={false}
          displayLocationMarkers={true}
          duplications={[]}
          duplicationsCount={0}
          firstLineNumber={10}
          highlighted={false}
          issueLocations={[]}
          issues={[]}
          key="12"
          last={false}
          line={
            {
              "code": "<span class="k">import</span> java.util.<span class="sym-9 sym">ArrayList</span>;",
              "coverageStatus": "covered",
              "coveredConditions": 2,
              "duplicated": false,
              "isNew": true,
              "line": 12,
              "scmAuthor": "simon.brandhof@sonarsource.com",
              "scmDate": "2018-12-11T10:48:39+0100",
              "scmRevision": "80f564becc0c0a1c9abaa006eca83a4fd278c3f0",
            }
          }
          loadDuplications={[MockFunction]}
          onIssueSelect={[Function]}
          onIssueUnselect={[Function]}
          onIssuesClose={[Function]}
          onIssuesOpen={[Function]}
          onLocationSelect={[MockFunction]}
          onSymbolClick={[MockFunction]}
          openIssues={false}
          previousLine={
            {
              "code": "<span class="k">import</span> java.util.<span class="sym-9 sym">ArrayList</span>;",
              "coverageStatus": "covered",
              "coveredConditions": 2,
              "duplicated": false,
              "isNew": true,
              "line": 11,
              "scmAuthor": "simon.brandhof@sonarsource.com",
              "scmDate": "2018-12-11T10:48:39+0100",
              "scmRevision": "80f564becc0c0a1c9abaa006eca83a4fd278c3f0",
            }
          }
          renderDuplicationPopup={[MockFunction]}
          secondaryIssueLocations={[]}
          verticalBuffer={0}
        />
        <Line
          displayCoverage={true}
          displayDuplications={false}
          displayIssues={false}
          displayLocationMarkers={true}
          duplications={[]}
          duplicationsCount={0}
          firstLineNumber={10}
          highlighted={false}
          issueLocations={[]}
          issues={[]}
          key="13"
          last={false}
          line={
            {
              "code": "<span class="k">import</span> java.util.<span class="sym-9 sym">ArrayList</span>;",
              "coverageStatus": "covered",
              "coveredConditions": 2,
              "duplicated": false,
              "isNew": true,
              "line": 13,
              "scmAuthor": "simon.brandhof@sonarsource.com",
              "scmDate": "2018-12-11T10:48:39+0100",
              "scmRevision": "80f564becc0c0a1c9abaa006eca83a4fd278c3f0",
            }
          }
          loadDuplications={[MockFunction]}
          onIssueSelect={[Function]}
          onIssueUnselect={[Function]}
          onIssuesClose={[Function]}
          onIssuesOpen={[Function]}
          onLocationSelect={[MockFunction]}
          onSymbolClick={[MockFunction]}
          openIssues={false}
          previousLine={
            {
              "code": "<span class="k">import</span> java.util.<span class="sym-9 sym">ArrayList</span>;",
              "coverageStatus": "covered",
              "coveredConditions": 2,
              "duplicated": false,
              "isNew": true,
              "line": 12,
              "scmAuthor": "simon.brandhof@sonarsource.com",
              "scmDate": "2018-12-11T10:48:39+0100",
              "scmRevision": "80f564becc0c0a1c9abaa006eca83a4fd278c3f0",
            }
          }
          renderDuplicationPopup={[MockFunction]}
          secondaryIssueLocations={[]}
          verticalBuffer={0}
        />
      </tbody>
    </table>
    <div
      className="expand-block expand-block-below"
    >
      <button
        aria-label="source_viewer.expand_below"
        onClick={[Function]}
        type="button"
      >
        <ExpandSnippetIcon />
      </button>
    </div>
  </div>
</div>
`;

exports[`should render correctly when at the top of the file 1`] = `
<div
  className="source-viewer-code snippet"
>
  <div>
    <table
      className="source-table expand-down"
    >
      <tbody>
        <Line
          displayCoverage={true}
          displayDuplications={false}
          displayIssues={false}
          displayLocationMarkers={true}
          duplications={[]}
          duplicationsCount={0}
          firstLineNumber={1}
          highlighted={false}
          issueLocations={[]}
          issues={[]}
          key="1"
          last={false}
          line={
            {
              "code": "<span class="k">import</span> java.util.<span class="sym-9 sym">ArrayList</span>;",
              "coverageStatus": "covered",
              "coveredConditions": 2,
              "duplicated": false,
              "isNew": true,
              "line": 1,
              "scmAuthor": "simon.brandhof@sonarsource.com",
              "scmDate": "2018-12-11T10:48:39+0100",
              "scmRevision": "80f564becc0c0a1c9abaa006eca83a4fd278c3f0",
            }
          }
          loadDuplications={[MockFunction]}
          onIssueSelect={[Function]}
          onIssueUnselect={[Function]}
          onIssuesClose={[Function]}
          onIssuesOpen={[Function]}
          onLocationSelect={[MockFunction]}
          onSymbolClick={[MockFunction]}
          openIssues={false}
          renderDuplicationPopup={[MockFunction]}
          secondaryIssueLocations={[]}
          verticalBuffer={0}
        />
        <Line
          displayCoverage={true}
          displayDuplications={false}
          displayIssues={false}
          displayLocationMarkers={true}
          duplications={[]}
          duplicationsCount={0}
          firstLineNumber={1}
          highlighted={false}
          issueLocations={[]}
          issues={[]}
          key="2"
          last={false}
          line={
            {
              "code": "<span class="k">import</span> java.util.<span class="sym-9 sym">ArrayList</span>;",
              "coverageStatus": "covered",
              "coveredConditions": 2,
              "duplicated": false,
              "isNew": true,
              "line": 2,
              "scmAuthor": "simon.brandhof@sonarsource.com",
              "scmDate": "2018-12-11T10:48:39+0100",
              "scmRevision": "80f564becc0c0a1c9abaa006eca83a4fd278c3f0",
            }
          }
          loadDuplications={[MockFunction]}
          onIssueSelect={[Function]}
          onIssueUnselect={[Function]}
          onIssuesClose={[Function]}
          onIssuesOpen={[Function]}
          onLocationSelect={[MockFunction]}
          onSymbolClick={[MockFunction]}
          openIssues={false}
          previousLine={
            {
              "code": "<span class="k">import</span> java.util.<span class="sym-9 sym">ArrayList</span>;",
              "coverageStatus": "covered",
              "coveredConditions": 2,
              "duplicated": false,
              "isNew": true,
              "line": 1,
              "scmAuthor": "simon.brandhof@sonarsource.com",
              "scmDate": "2018-12-11T10:48:39+0100",
              "scmRevision": "80f564becc0c0a1c9abaa006eca83a4fd278c3f0",
            }
          }
          renderDuplicationPopup={[MockFunction]}
          secondaryIssueLocations={[]}
          verticalBuffer={0}
        />
        <Line
          displayCoverage={true}
          displayDuplications={false}
          displayIssues={false}
          displayLocationMarkers={true}
          duplications={[]}
          duplicationsCount={0}
          firstLineNumber={1}
          highlighted={false}
          issueLocations={[]}
          issues={[]}
          key="3"
          last={false}
          line={
            {
              "code": "<span class="k">import</span> java.util.<span class="sym-9 sym">ArrayList</span>;",
              "coverageStatus": "covered",
              "coveredConditions": 2,
              "duplicated": false,
              "isNew": true,
              "line": 3,
              "scmAuthor": "simon.brandhof@sonarsource.com",
              "scmDate": "2018-12-11T10:48:39+0100",
              "scmRevision": "80f564becc0c0a1c9abaa006eca83a4fd278c3f0",
            }
          }
          loadDuplications={[MockFunction]}
          onIssueSelect={[Function]}
          onIssueUnselect={[Function]}
          onIssuesClose={[Function]}
          onIssuesOpen={[Function]}
          onLocationSelect={[MockFunction]}
          onSymbolClick={[MockFunction]}
          openIssues={false}
          previousLine={
            {
              "code": "<span class="k">import</span> java.util.<span class="sym-9 sym">ArrayList</span>;",
              "coverageStatus": "covered",
              "coveredConditions": 2,
              "duplicated": false,
              "isNew": true,
              "line": 2,
              "scmAuthor": "simon.brandhof@sonarsource.com",
              "scmDate": "2018-12-11T10:48:39+0100",
              "scmRevision": "80f564becc0c0a1c9abaa006eca83a4fd278c3f0",
            }
          }
          renderDuplicationPopup={[MockFunction]}
          secondaryIssueLocations={[]}
          verticalBuffer={0}
        />
        <Line
          displayCoverage={true}
          displayDuplications={false}
          displayIssues={false}
          displayLocationMarkers={true}
          duplications={[]}
          duplicationsCount={0}
          firstLineNumber={1}
          highlighted={false}
          issueLocations={[]}
          issues={[]}
          key="4"
          last={false}
          line={
            {
              "code": "<span class="k">import</span> java.util.<span class="sym-9 sym">ArrayList</span>;",
              "coverageStatus": "covered",
              "coveredConditions": 2,
              "duplicated": false,
              "isNew": true,
              "line": 4,
              "scmAuthor": "simon.brandhof@sonarsource.com",
              "scmDate": "2018-12-11T10:48:39+0100",
              "scmRevision": "80f564becc0c0a1c9abaa006eca83a4fd278c3f0",
            }
          }
          loadDuplications={[MockFunction]}
          onIssueSelect={[Function]}
          onIssueUnselect={[Function]}
          onIssuesClose={[Function]}
          onIssuesOpen={[Function]}
          onLocationSelect={[MockFunction]}
          onSymbolClick={[MockFunction]}
          openIssues={false}
          previousLine={
            {
              "code": "<span class="k">import</span> java.util.<span class="sym-9 sym">ArrayList</span>;",
              "coverageStatus": "covered",
              "coveredConditions": 2,
              "duplicated": false,
              "isNew": true,
              "line": 3,
              "scmAuthor": "simon.brandhof@sonarsource.com",
              "scmDate": "2018-12-11T10:48:39+0100",
              "scmRevision": "80f564becc0c0a1c9abaa006eca83a4fd278c3f0",
            }
          }
          renderDuplicationPopup={[MockFunction]}
          secondaryIssueLocations={[]}
          verticalBuffer={0}
        />
        <Line
          displayCoverage={true}
          displayDuplications={false}
          displayIssues={false}
          displayLocationMarkers={true}
          duplications={[]}
          duplicationsCount={0}
          firstLineNumber={1}
          highlighted={false}
          issueLocations={[]}
          issues={[]}
          key="5"
          last={false}
          line={
            {
              "code": "<span class="k">import</span> java.util.<span class="sym-9 sym">ArrayList</span>;",
              "coverageStatus": "covered",
              "coveredConditions": 2,
              "duplicated": false,
              "isNew": true,
              "line": 5,
              "scmAuthor": "simon.brandhof@sonarsource.com",
              "scmDate": "2018-12-11T10:48:39+0100",
              "scmRevision": "80f564becc0c0a1c9abaa006eca83a4fd278c3f0",
            }
          }
          loadDuplications={[MockFunction]}
          onIssueSelect={[Function]}
          onIssueUnselect={[Function]}
          onIssuesClose={[Function]}
          onIssuesOpen={[Function]}
          onLocationSelect={[MockFunction]}
          onSymbolClick={[MockFunction]}
          openIssues={false}
          previousLine={
            {
              "code": "<span class="k">import</span> java.util.<span class="sym-9 sym">ArrayList</span>;",
              "coverageStatus": "covered",
              "coveredConditions": 2,
              "duplicated": false,
              "isNew": true,
              "line": 4,
              "scmAuthor": "simon.brandhof@sonarsource.com",
              "scmDate": "2018-12-11T10:48:39+0100",
              "scmRevision": "80f564becc0c0a1c9abaa006eca83a4fd278c3f0",
            }
          }
          renderDuplicationPopup={[MockFunction]}
          secondaryIssueLocations={[]}
          verticalBuffer={0}
        />
        <Line
          displayCoverage={true}
          displayDuplications={false}
          displayIssues={false}
          displayLocationMarkers={true}
          duplications={[]}
          duplicationsCount={0}
          firstLineNumber={1}
          highlighted={false}
          issueLocations={[]}
          issues={[]}
          key="6"
          last={false}
          line={
            {
              "code": "<span class="k">import</span> java.util.<span class="sym-9 sym">ArrayList</span>;",
              "coverageStatus": "covered",
              "coveredConditions": 2,
              "duplicated": false,
              "isNew": true,
              "line": 6,
              "scmAuthor": "simon.brandhof@sonarsource.com",
              "scmDate": "2018-12-11T10:48:39+0100",
              "scmRevision": "80f564becc0c0a1c9abaa006eca83a4fd278c3f0",
            }
          }
          loadDuplications={[MockFunction]}
          onIssueSelect={[Function]}
          onIssueUnselect={[Function]}
          onIssuesClose={[Function]}
          onIssuesOpen={[Function]}
          onLocationSelect={[MockFunction]}
          onSymbolClick={[MockFunction]}
          openIssues={false}
          previousLine={
            {
              "code": "<span class="k">import</span> java.util.<span class="sym-9 sym">ArrayList</span>;",
              "coverageStatus": "covered",
              "coveredConditions": 2,
              "duplicated": false,
              "isNew": true,
              "line": 5,
              "scmAuthor": "simon.brandhof@sonarsource.com",
              "scmDate": "2018-12-11T10:48:39+0100",
              "scmRevision": "80f564becc0c0a1c9abaa006eca83a4fd278c3f0",
            }
          }
          renderDuplicationPopup={[MockFunction]}
          secondaryIssueLocations={[]}
          verticalBuffer={0}
        />
        <Line
          displayCoverage={true}
          displayDuplications={false}
          displayIssues={false}
          displayLocationMarkers={true}
          duplications={[]}
          duplicationsCount={0}
          firstLineNumber={1}
          highlighted={false}
          issueLocations={[]}
          issues={[]}
          key="7"
          last={false}
          line={
            {
              "code": "<span class="k">import</span> java.util.<span class="sym-9 sym">ArrayList</span>;",
              "coverageStatus": "covered",
              "coveredConditions": 2,
              "duplicated": false,
              "isNew": true,
              "line": 7,
              "scmAuthor": "simon.brandhof@sonarsource.com",
              "scmDate": "2018-12-11T10:48:39+0100",
              "scmRevision": "80f564becc0c0a1c9abaa006eca83a4fd278c3f0",
            }
          }
          loadDuplications={[MockFunction]}
          onIssueSelect={[Function]}
          onIssueUnselect={[Function]}
          onIssuesClose={[Function]}
          onIssuesOpen={[Function]}
          onLocationSelect={[MockFunction]}
          onSymbolClick={[MockFunction]}
          openIssues={false}
          previousLine={
            {
              "code": "<span class="k">import</span> java.util.<span class="sym-9 sym">ArrayList</span>;",
              "coverageStatus": "covered",
              "coveredConditions": 2,
              "duplicated": false,
              "isNew": true,
              "line": 6,
              "scmAuthor": "simon.brandhof@sonarsource.com",
              "scmDate": "2018-12-11T10:48:39+0100",
              "scmRevision": "80f564becc0c0a1c9abaa006eca83a4fd278c3f0",
            }
          }
          renderDuplicationPopup={[MockFunction]}
          secondaryIssueLocations={[]}
          verticalBuffer={0}
        />
      </tbody>
    </table>
    <div
      className="expand-block expand-block-below"
    >
      <button
        aria-label="source_viewer.expand_below"
        onClick={[Function]}
        type="button"
      >
        <ExpandSnippetIcon />
      </button>
    </div>
  </div>
</div>
`;

exports[`should render correctly with no SCM 1`] = `
<div
  className="source-viewer-code snippet"
>
  <div>
    <div
      className="expand-block expand-block-above"
    >
      <button
        aria-label="source_viewer.expand_above"
        onClick={[Function]}
        type="button"
      >
        <ExpandSnippetIcon />
      </button>
    </div>
    <table
      className="source-table expand-up expand-down"
    >
      <tbody>
        <Line
          displayCoverage={true}
          displayDuplications={false}
          displayIssues={false}
          displayLocationMarkers={true}
          displaySCM={false}
          duplications={[]}
          duplicationsCount={0}
          firstLineNumber={5}
          highlighted={false}
          issueLocations={[]}
          issues={[]}
          key="5"
          last={false}
          line={
            {
              "code": "<span class="k">import</span> java.util.<span class="sym-9 sym">ArrayList</span>;",
              "coverageStatus": "covered",
              "coveredConditions": 2,
              "duplicated": false,
              "isNew": true,
              "line": 5,
              "scmAuthor": "simon.brandhof@sonarsource.com",
              "scmDate": "2018-12-11T10:48:39+0100",
              "scmRevision": "80f564becc0c0a1c9abaa006eca83a4fd278c3f0",
            }
          }
          loadDuplications={[MockFunction]}
          onIssueSelect={[Function]}
          onIssueUnselect={[Function]}
          onIssuesClose={[Function]}
          onIssuesOpen={[Function]}
          onLocationSelect={[MockFunction]}
          onSymbolClick={[MockFunction]}
          openIssues={false}
          renderDuplicationPopup={[MockFunction]}
          secondaryIssueLocations={[]}
          verticalBuffer={0}
        />
        <Line
          displayCoverage={true}
          displayDuplications={false}
          displayIssues={false}
          displayLocationMarkers={true}
          displaySCM={false}
          duplications={[]}
          duplicationsCount={0}
          firstLineNumber={5}
          highlighted={false}
          issueLocations={[]}
          issues={[]}
          key="6"
          last={false}
          line={
            {
              "code": "<span class="k">import</span> java.util.<span class="sym-9 sym">ArrayList</span>;",
              "coverageStatus": "covered",
              "coveredConditions": 2,
              "duplicated": false,
              "isNew": true,
              "line": 6,
              "scmAuthor": "simon.brandhof@sonarsource.com",
              "scmDate": "2018-12-11T10:48:39+0100",
              "scmRevision": "80f564becc0c0a1c9abaa006eca83a4fd278c3f0",
            }
          }
          loadDuplications={[MockFunction]}
          onIssueSelect={[Function]}
          onIssueUnselect={[Function]}
          onIssuesClose={[Function]}
          onIssuesOpen={[Function]}
          onLocationSelect={[MockFunction]}
          onSymbolClick={[MockFunction]}
          openIssues={false}
          previousLine={
            {
              "code": "<span class="k">import</span> java.util.<span class="sym-9 sym">ArrayList</span>;",
              "coverageStatus": "covered",
              "coveredConditions": 2,
              "duplicated": false,
              "isNew": true,
              "line": 5,
              "scmAuthor": "simon.brandhof@sonarsource.com",
              "scmDate": "2018-12-11T10:48:39+0100",
              "scmRevision": "80f564becc0c0a1c9abaa006eca83a4fd278c3f0",
            }
          }
          renderDuplicationPopup={[MockFunction]}
          secondaryIssueLocations={[]}
          verticalBuffer={0}
        />
        <Line
          displayCoverage={true}
          displayDuplications={false}
          displayIssues={false}
          displayLocationMarkers={true}
          displaySCM={false}
          duplications={[]}
          duplicationsCount={0}
          firstLineNumber={5}
          highlighted={false}
          issueLocations={[]}
          issues={[]}
          key="7"
          last={false}
          line={
            {
              "code": "<span class="k">import</span> java.util.<span class="sym-9 sym">ArrayList</span>;",
              "coverageStatus": "covered",
              "coveredConditions": 2,
              "duplicated": false,
              "isNew": true,
              "line": 7,
              "scmAuthor": "simon.brandhof@sonarsource.com",
              "scmDate": "2018-12-11T10:48:39+0100",
              "scmRevision": "80f564becc0c0a1c9abaa006eca83a4fd278c3f0",
            }
          }
          loadDuplications={[MockFunction]}
          onIssueSelect={[Function]}
          onIssueUnselect={[Function]}
          onIssuesClose={[Function]}
          onIssuesOpen={[Function]}
          onLocationSelect={[MockFunction]}
          onSymbolClick={[MockFunction]}
          openIssues={false}
          previousLine={
            {
              "code": "<span class="k">import</span> java.util.<span class="sym-9 sym">ArrayList</span>;",
              "coverageStatus": "covered",
              "coveredConditions": 2,
              "duplicated": false,
              "isNew": true,
              "line": 6,
              "scmAuthor": "simon.brandhof@sonarsource.com",
              "scmDate": "2018-12-11T10:48:39+0100",
              "scmRevision": "80f564becc0c0a1c9abaa006eca83a4fd278c3f0",
            }
          }
          renderDuplicationPopup={[MockFunction]}
          secondaryIssueLocations={[]}
          verticalBuffer={0}
        />
      </tbody>
    </table>
    <div
      className="expand-block expand-block-below"
    >
      <button
        aria-label="source_viewer.expand_below"
        onClick={[Function]}
        type="button"
      >
        <ExpandSnippetIcon />
      </button>
    </div>
  </div>
</div>
`;
