// Jest Snapshot v1, https://goo.gl/fbAQLP

exports[`should render correctly 1`] = `
<ul
  className="item-list"
>
  <li
    className="item"
  >
    <span
      className="note"
    >
      no_results
    </span>
  </li>
  <Memo(MenuItem)
    branchLike={
      {
        "analysisDate": "2018-01-01",
        "excludedFromPurge": true,
        "isMain": true,
        "name": "master",
      }
    }
    component={
      {
        "breadcrumbs": [],
        "key": "my-project",
        "name": "MyProject",
        "qualifier": "TRK",
        "qualityGate": {
          "isDefault": true,
          "key": "30",
          "name": "Sonar way",
        },
        "qualityProfiles": [
          {
            "deleted": false,
            "key": "my-qp",
            "language": "ts",
            "name": "Sonar way",
          },
        ],
        "tags": [],
      }
    }
    key="branch-master"
    onSelect={[MockFunction]}
    selected={false}
    setSelectedNode={[Function]}
  />
  <li
    className="item header"
  >
    <span
      className="big-spacer-left"
    >
      branch_like_navigation.pull_requests
    </span>
  </li>
  <Memo(MenuItem)
    branchLike={
      {
        "analysisDate": "2018-01-01",
        "base": "master",
        "branch": "feature/foo/bar",
        "key": "2",
        "target": "master",
        "title": "PR-2",
      }
    }
    component={
      {
        "breadcrumbs": [],
        "key": "my-project",
        "name": "MyProject",
        "qualifier": "TRK",
        "qualityGate": {
          "isDefault": true,
          "key": "30",
          "name": "Sonar way",
        },
        "qualityProfiles": [
          {
            "deleted": false,
            "key": "my-qp",
            "language": "ts",
            "name": "Sonar way",
          },
        ],
        "tags": [],
      }
    }
    indent={true}
    key="pull-request-2"
    onSelect={[MockFunction]}
    selected={false}
    setSelectedNode={[Function]}
  />
  <Memo(MenuItem)
    branchLike={
      {
        "analysisDate": "2018-01-01",
        "base": "master",
        "branch": "feature/foo/bar",
        "key": "1",
        "target": "master",
        "title": "PR-1",
      }
    }
    component={
      {
        "breadcrumbs": [],
        "key": "my-project",
        "name": "MyProject",
        "qualifier": "TRK",
        "qualityGate": {
          "isDefault": true,
          "key": "30",
          "name": "Sonar way",
        },
        "qualityProfiles": [
          {
            "deleted": false,
            "key": "my-qp",
            "language": "ts",
            "name": "Sonar way",
          },
        ],
        "tags": [],
      }
    }
    indent={true}
    key="pull-request-1"
    onSelect={[MockFunction]}
    selected={false}
    setSelectedNode={[Function]}
  />
  <hr />
  <Memo(MenuItem)
    branchLike={
      {
        "analysisDate": "2018-01-01",
        "excludedFromPurge": true,
        "isMain": false,
        "name": "branch-1",
      }
    }
    component={
      {
        "breadcrumbs": [],
        "key": "my-project",
        "name": "MyProject",
        "qualifier": "TRK",
        "qualityGate": {
          "isDefault": true,
          "key": "30",
          "name": "Sonar way",
        },
        "qualityProfiles": [
          {
            "deleted": false,
            "key": "my-qp",
            "language": "ts",
            "name": "Sonar way",
          },
        ],
        "tags": [],
      }
    }
    key="branch-branch-1"
    onSelect={[MockFunction]}
    selected={false}
    setSelectedNode={[Function]}
  />
  <hr />
  <Memo(MenuItem)
    branchLike={
      {
        "analysisDate": "2018-01-01",
        "excludedFromPurge": true,
        "isMain": false,
        "name": "branch-11",
      }
    }
    component={
      {
        "breadcrumbs": [],
        "key": "my-project",
        "name": "MyProject",
        "qualifier": "TRK",
        "qualityGate": {
          "isDefault": true,
          "key": "30",
          "name": "Sonar way",
        },
        "qualityProfiles": [
          {
            "deleted": false,
            "key": "my-qp",
            "language": "ts",
            "name": "Sonar way",
          },
        ],
        "tags": [],
      }
    }
    key="branch-branch-11"
    onSelect={[MockFunction]}
    selected={true}
    setSelectedNode={[Function]}
  />
  <hr />
  <Memo(MenuItem)
    branchLike={
      {
        "analysisDate": "2018-01-01",
        "excludedFromPurge": true,
        "isMain": false,
        "name": "branch-12",
      }
    }
    component={
      {
        "breadcrumbs": [],
        "key": "my-project",
        "name": "MyProject",
        "qualifier": "TRK",
        "qualityGate": {
          "isDefault": true,
          "key": "30",
          "name": "Sonar way",
        },
        "qualityProfiles": [
          {
            "deleted": false,
            "key": "my-qp",
            "language": "ts",
            "name": "Sonar way",
          },
        ],
        "tags": [],
      }
    }
    key="branch-branch-12"
    onSelect={[MockFunction]}
    selected={false}
    setSelectedNode={[Function]}
  />
  <hr />
  <Memo(MenuItem)
    branchLike={
      {
        "analysisDate": "2018-01-01",
        "excludedFromPurge": true,
        "isMain": false,
        "name": "branch-2",
      }
    }
    component={
      {
        "breadcrumbs": [],
        "key": "my-project",
        "name": "MyProject",
        "qualifier": "TRK",
        "qualityGate": {
          "isDefault": true,
          "key": "30",
          "name": "Sonar way",
        },
        "qualityProfiles": [
          {
            "deleted": false,
            "key": "my-qp",
            "language": "ts",
            "name": "Sonar way",
          },
        ],
        "tags": [],
      }
    }
    key="branch-branch-2"
    onSelect={[MockFunction]}
    selected={false}
    setSelectedNode={[Function]}
  />
  <hr />
  <Memo(MenuItem)
    branchLike={
      {
        "analysisDate": "2018-01-01",
        "excludedFromPurge": true,
        "isMain": false,
        "name": "branch-3",
      }
    }
    component={
      {
        "breadcrumbs": [],
        "key": "my-project",
        "name": "MyProject",
        "qualifier": "TRK",
        "qualityGate": {
          "isDefault": true,
          "key": "30",
          "name": "Sonar way",
        },
        "qualityProfiles": [
          {
            "deleted": false,
            "key": "my-qp",
            "language": "ts",
            "name": "Sonar way",
          },
        ],
        "tags": [],
      }
    }
    key="branch-branch-3"
    onSelect={[MockFunction]}
    selected={false}
    setSelectedNode={[Function]}
  />
  <hr />
  <li
    className="item header"
  >
    branch_like_navigation.pull_requests
  </li>
  <Memo(MenuItem)
    branchLike={
      {
        "analysisDate": "2018-01-01",
        "base": "not-in-the-list",
        "branch": "feature/foo/bar",
        "key": "1001",
        "target": "master",
        "title": "Foo Bar feature",
      }
    }
    component={
      {
        "breadcrumbs": [],
        "key": "my-project",
        "name": "MyProject",
        "qualifier": "TRK",
        "qualityGate": {
          "isDefault": true,
          "key": "30",
          "name": "Sonar way",
        },
        "qualityProfiles": [
          {
            "deleted": false,
            "key": "my-qp",
            "language": "ts",
            "name": "Sonar way",
          },
        ],
        "tags": [],
      }
    }
    key="pull-request-1001"
    onSelect={[MockFunction]}
    selected={false}
    setSelectedNode={[Function]}
  />
  <li
    className="item header"
  >
    branch_like_navigation.orphan_pull_requests
    <HelpTooltip
      className="little-spacer-left"
      overlay="branch_like_navigation.orphan_pull_requests.tooltip"
    />
  </li>
  <Memo(MenuItem)
    branchLike={
      {
        "analysisDate": "2018-01-01",
        "base": "master",
        "branch": "feature/foo/bar",
        "isOrphan": true,
        "key": "2",
        "target": "llb-100",
        "title": "PR-2",
      }
    }
    component={
      {
        "breadcrumbs": [],
        "key": "my-project",
        "name": "MyProject",
        "qualifier": "TRK",
        "qualityGate": {
          "isDefault": true,
          "key": "30",
          "name": "Sonar way",
        },
        "qualityProfiles": [
          {
            "deleted": false,
            "key": "my-qp",
            "language": "ts",
            "name": "Sonar way",
          },
        ],
        "tags": [],
      }
    }
    key="pull-request-2"
    onSelect={[MockFunction]}
    selected={false}
    setSelectedNode={[Function]}
  />
</ul>
`;
